src/components/stream/MouthpieceDock.tsx(19,9): error TS7006: Parameter 'i' implicitly has an 'any' type.
src/components/stream/store.ts(1,24): error TS2307: Cannot find module 'zustand' or its corresponding type declarations.
src/components/stream/store.ts(4,52): error TS7006: Parameter 'set' implicitly has an 'any' type.
src/components/stream/store.ts(11,22): error TS7006: Parameter 'items' implicitly has an 'any' type.
src/components/stream/store.ts(13,21): error TS7006: Parameter 'item' implicitly has an 'any' type.
src/components/stream/store.ts(13,35): error TS7006: Parameter 'state' implicitly has an 'any' type.
src/components/stream/store.ts(17,23): error TS7006: Parameter 'sid' implicitly has an 'any' type.
src/components/stream/store.ts(17,36): error TS7006: Parameter 'state' implicitly has an 'any' type.
src/components/stream/store.ts(26,16): error TS7006: Parameter 'focus' implicitly has an 'any' type.
src/components/stream/store.ts(28,21): error TS7006: Parameter 'vState' implicitly has an 'any' type.
src/components/stream/store.ts(30,22): error TS7006: Parameter 'result' implicitly has an 'any' type.
src/components/stream/StreamCanvas.tsx(46,39): error TS7006: Parameter 'item' implicitly has an 'any' type.
src/components/stream/StreamCanvas.tsx(46,45): error TS7006: Parameter 'idx' implicitly has an 'any' type.
